picocom v3.1

port is        : /dev/ttyUSB0
flowcontrol    : none
baudrate is    : 1500000
parity is      : none
databits are   : 8
stopbits are   : 1
escape is      : C-a
local echo is  : yes
noinit is      : no
noreset is     : no
hangup is      : no
nolock is      : no
send_cmd is    : sz -vv
receive_cmd is : rz -vv -E
imap is        : 
omap is        : 
emap is        : crcrlf,delbs,
logfile is     : none
initstring     : none
exit_after is  : not set
exit is        : no

Type [C-a] [C-h] to see available commands
Terminal ready
DDR Version V1.10 20210810
ln
ddrconfig:7
LP4 MR14:0x4d
LPDDR4, 324MHz
BW=32 Col=10 Bk=8 CS0 Row=15 CS1 Row=15 CS=2 Die BW=16 Size=2048MB
tdqss: cs0 dqs0: 434ps, dqs1: 289ps, dqs2: 409ps, dqs3: 313ps, 
tdqss: cs1 dqs0: 409ps, dqs1: 289ps, dqs2: 434ps, dqs3: 289ps, 

change to: 324MHz
PHY drv:clk:38,ca:38,DQ:30,odt:0
vrefinner:41%, vrefout:41%
dram drv:40,odt:0
clk skew:0x58

change to: 528MHz
PHY drv:clk:38,ca:38,DQ:30,odt:60
vrefinner:16%, vrefout:41%
dram drv:40,odt:0
clk skew:0x69

change to: 780MHz
PHY drv:clk:38,ca:38,DQ:30,odt:60
vrefinner:16%, vrefout:41%
dram drv:40,odt:0
clk skew:0x58

change to: 1056MHz(final freq)
PHY drv:clk:38,ca:38,DQ:30,odt:60
vrefinner:16%, vrefout:29%
dram drv:40,odt:80
vref_ca:00000068
clk skew:0x22
cs 0:
the read training result:
DQS0:0x43, DQS1:0x3b, DQS2:0x3c, DQS3:0x40, 
min  : 0xd  0xe 0x10  0xf  0x1  0x4  0x8  0x8 , 0x7  0x8  0x2  0x1  0xc  0xc  0xe  0x8 ,
       0x8  0x1  0x8  0x9  0x6  0x3  0x7  0x5 , 0xb  0x9  0x9  0x3  0xd 0x11  0xf  0xe ,
mid  :0x2d 0x2e 0x30 0x2e 0x22 0x24 0x28 0x28 ,0x25 0x28 0x21 0x20 0x2b 0x2c 0x2d 0x28 ,
      0x25 0x1e 0x23 0x25 0x23 0x20 0x24 0x21 ,0x28 0x25 0x26 0x20 0x2a 0x2d 0x2b 0x2a ,
max  :0x4e 0x4e 0x50 0x4d 0x44 0x45 0x48 0x48 ,0x44 0x48 0x40 0x3f 0x4b 0x4c 0x4c 0x48 ,
      0x43 0x3c 0x3f 0x42 0x41 0x3e 0x41 0x3e ,0x45 0x42 0x43 0x3e 0x47 0x4a 0x48 0x47 ,
range:0x41 0x40 0x40 0x3e 0x43 0x41 0x40 0x40 ,0x3d 0x40 0x3e 0x3e 0x3f 0x40 0x3e 0x40 ,
      0x3b 0x3b 0x37 0x39 0x3b 0x3b 0x3a 0x39 ,0x3a 0x39 0x3a 0x3b 0x3a 0x39 0x39 0x39 ,
the write training result:
DQS0:0x5c, DQS1:0x49, DQS2:0x59, DQS3:0x4c, 
min  :0x8f 0x92 0x93 0x92 0x87 0x8b 0x8e 0x90 0x90 ,0x7f 0x84 0x7a 0x7a 0x87 0x88 0x89 0x87 0x85 ,
      0x89 0x84 0x88 0x87 0x87 0x87 0x89 0x89 0x89 ,0x78 0x77 0x75 0x73 0x7b 0x7f 0x7e 0x7d 0x78 ,
mid  :0xab 0xad 0xae 0xac 0xa1 0xa6 0xa9 0xaa 0xaa ,0x9a 0x9d 0x95 0x94 0xa0 0xa2 0xa1 0xa1 0x9e ,
      0xa6 0x9f 0xa4 0xa4 0xa3 0xa1 0xa2 0xa3 0xa4 ,0x93 0x92 0x90 0x8e 0x97 0x9b 0x99 0x98 0x93 ,
max  :0xc7 0xc8 0xca 0xc7 0xbb 0xc1 0xc4 0xc4 0xc5 ,0xb6 0xb7 0xb0 0xaf 0xba 0xbd 0xba 0xbb 0xb8 ,
      0xc4 0xbb 0xc1 0xc1 0xc0 0xbc 0xbc 0xbd 0xc0 ,0xaf 0xad 0xac 0xa9 0xb3 0xb7 0xb4 0xb4 0xaf ,
range:0x38 0x36 0x37 0x35 0x34 0x36 0x36 0x34 0x35 ,0x37 0x33 0x36 0x35 0x33 0x35 0x31 0x34 0x33 ,
      0x3b 0x37 0x39 0x3a 0x39 0x35 0x33 0x34 0x37 ,0x37 0x36 0x37 0x36 0x38 0x38 0x36 0x37 0x37 ,
cs 1:
the read training result:
DQS0:0x3f, DQS1:0x3c, DQS2:0x3e, DQS3:0x40, 
min  : 0xc  0xa  0xd  0x9  0x0  0x0  0x7  0x5 , 0xa  0xa  0x5  0x1 0x10  0xf 0x10  0xb ,
       0x8  0x1  0x7  0x8  0x6  0x4  0x7  0x4 , 0x9  0x8  0x6  0x1  0xd  0xf  0xd  0xc ,
mid  :0x2a 0x29 0x2c 0x28 0x1f 0x20 0x25 0x24 ,0x28 0x2a 0x24 0x20 0x2e 0x2e 0x2e 0x2a ,
      0x27 0x1f 0x24 0x26 0x25 0x22 0x25 0x22 ,0x27 0x25 0x24 0x20 0x2a 0x2c 0x2a 0x29 ,
max  :0x49 0x49 0x4c 0x48 0x3f 0x40 0x44 0x44 ,0x46 0x4a 0x43 0x40 0x4c 0x4e 0x4c 0x4a ,
      0x46 0x3e 0x42 0x44 0x44 0x40 0x43 0x41 ,0x45 0x42 0x43 0x3f 0x47 0x4a 0x48 0x47 ,
range:0x3d 0x3f 0x3f 0x3f 0x3f 0x40 0x3d 0x3f ,0x3c 0x40 0x3e 0x3f 0x3c 0x3f 0x3c 0x3f ,
      0x3e 0x3d 0x3b 0x3c 0x3e 0x3c 0x3c 0x3d ,0x3c 0x3a 0x3d 0x3e 0x3a 0x3b 0x3b 0x3b ,
the write training result:
DQS0:0x5c, DQS1:0x49, DQS2:0x59, DQS3:0x4c, 
min  :0x8c 0x8e 0x8f 0x8d 0x83 0x86 0x8a 0x8c 0x8c ,0x7e 0x82 0x79 0x78 0x85 0x87 0x88 0x85 0x83 ,
      0x8e 0x88 0x8c 0x8d 0x8b 0x8b 0x8d 0x8d 0x8d ,0x77 0x76 0x74 0x72 0x7a 0x7e 0x7c 0x7c 0x77 ,
mid  :0xa7 0xa9 0xaa 0xa7 0x9c 0xa0 0xa3 0xa4 0xa6 ,0x99 0x9c 0x94 0x93 0x9f 0xa1 0xa0 0xa0 0x9d ,
      0xaa 0xa4 0xa7 0xa8 0xa6 0xa6 0xa7 0xa7 0xa7 ,0x91 0x91 0x90 0x8c 0x95 0x9a 0x97 0x97 0x91 ,
max  :0xc2 0xc4 0xc6 0xc2 0xb6 0xbb 0xbd 0xbd 0xc0 ,0xb5 0xb7 0xb0 0xaf 0xb9 0xbc 0xb9 0xbb 0xb7 ,
      0xc6 0xc0 0xc3 0xc4 0xc2 0xc1 0xc1 0xc2 0xc2 ,0xac 0xac 0xac 0xa7 0xb0 0xb6 0xb3 0xb3 0xac ,
range:0x36 0x36 0x37 0x35 0x33 0x35 0x33 0x31 0x34 ,0x37 0x35 0x37 0x37 0x34 0x35 0x31 0x36 0x34 ,
      0x38 0x38 0x37 0x37 0x37 0x36 0x34 0x35 0x35 ,0x35 0x36 0x38 0x35 0x36 0x38 0x37 0x37 0x35 ,
CA Training result:
cs:0 min  :0x43 0x3b 0x3e 0x36 0x3f 0x35 0x40 ,0x46 0x39 0x40 0x37 0x3f 0x31 0x44 ,
cs:0 mid  :0x7e 0x7f 0x79 0x78 0x76 0x77 0x6d ,0x7f 0x7d 0x7a 0x77 0x78 0x75 0x6f ,
cs:0 max  :0xba 0xc4 0xb5 0xba 0xae 0xba 0x9b ,0xb9 0xc1 0xb5 0xb8 0xb1 0xba 0x9a ,
cs:0 range:0x77 0x89 0x77 0x84 0x6f 0x85 0x5b ,0x73 0x88 0x75 0x81 0x72 0x89 0x56 ,
cs:1 min  :0x48 0x43 0x40 0x3a 0x40 0x36 0x37 ,0x47 0x3e 0x43 0x3a 0x41 0x36 0x39 ,
cs:1 mid  :0x82 0x84 0x7c 0x7a 0x7a 0x7a 0x6d ,0x83 0x80 0x7d 0x7a 0x7b 0x79 0x6f ,
cs:1 max  :0xbd 0xc5 0xb9 0xbb 0xb5 0xbe 0xa4 ,0xbf 0xc2 0xb7 0xbb 0xb6 0xbc 0xa6 ,
cs:1 range:0x75 0x82 0x79 0x81 0x75 0x88 0x6d ,0x78 0x84 0x74 0x81 0x75 0x86 0x6d ,
out
INFO:    Preloader serial: 2
NOTICE:  BL31: v2.3():v2.3-152-g4e725b15f:cl
NOTICE:  BL31: Built : 10:51:13, Jul 15 2021
INFO:    GICv3 without legacy support detected.
INFO:    ARM GICv3 driver initialized in EL3
INFO:    pmu v1 is valid
INFO:    dfs DDR fsp_param[0].freq_mhz= 1056MHz
INFO:    dfs DDR fsp_param[1].freq_mhz= 324MHz
INFO:    dfs DDR fsp_param[2].freq_mhz= 528MHz
INFO:    dfs DDR fsp_param[3].freq_mhz= 780MHz
INFO:    Using opteed sec cpu_context!
INFO:    boot cpu mask: 0
INFO:    BL31: Initializing runtime services
WARNING: No OPTEE provided by BL2 boot loader, Booting device without OPTEE initialization. SMC`s destined for OPTEE will return SMC_UNK
ERROR:   Error initializing runtime service opteed_fast
INFO:    BL31: Preparing for EL3 exit to normal world
INFO:    Entry point address = 0xa00000
INFO:    SPSR = 0x3c9

YoSmart Inc. 1.0.6 Bookworm ttyFIQ0 

YS1606 login: 
Terminating...
Thanks for using picocom
